ARM Linker, RVCT4.0 [Build 728] [Evaluation]

==============================================================================

Section Cross References

    startup.o(RESET) refers to startup.o(STACK) for Stack_Top
    startup.o(RESET) refers to lab3b.o(ABC) for START
    lab3b.o(ABC) refers to lab3b.o(ABC1) for DATA3


==============================================================================

Image Symbol Table

    Local Symbols

    Symbol Name                              Value     Ov Type        Size  Object(Section)

    ABC                                      0x00000000   Section      100  lab3b.o(ABC)
    Startup.s                                0x00000000   Number         0  startup.o ABSOLUTE
    lab3b.asm                                0x00000000   Number         0  lab3b.o ABSOLUTE
    DATA1                                    0x00000030   Data          20  lab3b.o(ABC)
    DATA2                                    0x00000044   Data          20  lab3b.o(ABC)
    RESET                                    0x00000064   Section      272  startup.o(RESET)
    Undef_Handler                            0x000000a4   ARM Code       4  startup.o(RESET)
    SWI_Handler                              0x000000a8   ARM Code       4  startup.o(RESET)
    PAbt_Handler                             0x000000ac   ARM Code       4  startup.o(RESET)
    DAbt_Handler                             0x000000b0   ARM Code       4  startup.o(RESET)
    IRQ_Handler                              0x000000b4   ARM Code       4  startup.o(RESET)
    FIQ_Handler                              0x000000b8   ARM Code       4  startup.o(RESET)
    ABC1                                     0x40000000   Section        4  lab3b.o(ABC1)
    DATA3                                    0x40000000   Data           4  lab3b.o(ABC1)
    HEAP                                     0x40000008   Section        0  startup.o(HEAP)
    STACK                                    0x40000008   Section     1160  startup.o(STACK)
    Stack_Top                                0x40000490   Data           0  startup.o(STACK)

    Global Symbols

    Symbol Name                              Value     Ov Type        Size  Object(Section)

    BuildAttributes$$THM_ISAv1$ARM_ISAv4$S$PE$A:L22$X:L11$S22$IEEE1$IW$USESV6$~STKCKD$USESV7$~SHL$OSPACE$EBA8$STANDARDLIB$PRES8$EABIv2 0x00000000   Number         0  anon$$obj.o ABSOLUTE
    START                                    0x00000000   ARM Code       0  lab3b.o(ABC)
    Reset_Handler                            0x000000bc   ARM Code       0  startup.o(RESET)



==============================================================================

Memory Map of the image

  Image Entry point : 0x00000000

  Load Region LR_1 (Base: 0x00000000, Size: 0x00000178, Max: 0xffffffff, ABSOLUTE)

    Execution Region ER_RO (Base: 0x00000000, Size: 0x00000174, Max: 0xffffffff, ABSOLUTE)

    Base Addr    Size         Type   Attr      Idx    E Section Name        Object

    0x00000000   0x00000064   Code   RO            8  * ABC                 lab3b.o
    0x00000064   0x00000110   Code   RO            3    RESET               startup.o


    Execution Region ER_RW (Base: 0x40000000, Size: 0x00000004, Max: 0xffffffff, ABSOLUTE)

    Base Addr    Size         Type   Attr      Idx    E Section Name        Object

    0x40000000   0x00000004   Data   RW            9    ABC1                lab3b.o


    Execution Region ER_ZI (Base: 0x40000004, Size: 0x0000048c, Max: 0xffffffff, ABSOLUTE)

    Base Addr    Size         Type   Attr      Idx    E Section Name        Object

    0x40000004   0x00000004   PAD
    0x40000008   0x00000000   Zero   RW            2    HEAP                startup.o
    0x40000008   0x00000488   Zero   RW            1    STACK               startup.o


==============================================================================

Image component sizes


      Code (inc. data)   RO Data    RW Data    ZI Data      Debug   Object Name

       100         52          0          4          0        168   lab3b.o
       272         48          0          0       1160        260   startup.o

    ----------------------------------------------------------------------
       372        100          0          4       1164        428   Object Totals
         0          0          0          0          0          0   (incl. Generated)
         0          0          0          0          4          0   (incl. Padding)

    ----------------------------------------------------------------------
         0          0          0          0          0          0   Library Totals
         0          0          0          0          0          0   (incl. Padding)

    ----------------------------------------------------------------------

==============================================================================


      Code (inc. data)   RO Data    RW Data    ZI Data      Debug   

       372        100          0          4       1164        428   Grand Totals
       372        100          0          4       1164        428   ELF Image Totals
       372        100          0          4          0          0   ROM Totals

==============================================================================

    Total RO  Size (Code + RO Data)                  372 (   0.36kB)
    Total RW  Size (RW Data + ZI Data)              1168 (   1.14kB)
    Total ROM Size (Code + RO Data + RW Data)        376 (   0.37kB)

==============================================================================

