<html>
<body>
<pre>
<h1>µVision Build Log</h1>
<h2>Project:</h2>
E:\PROJECT\sem5\AM\lab 13\lab 13b\lab13b.uvproj
Project File Date:  08/16/2021

<h2>Output:</h2>
Build target 'Target 1'
assembling Startup.s...
compiling lab13b.c...
lab13b.c(10): error:  #147-D: declaration is incompatible with "void delay()" (declared at line 2)
lab13b.c(29): warning:  #111-D: statement is unreachable
Target not created
Build target 'Target 1'
compiling lab13b.c...
lab13b.c(10): error:  #147-D: declaration is incompatible with "void delay()" (declared at line 2)
lab13b.c(22): error:  #20: identifier "i" is undefined
lab13b.c(29): warning:  #111-D: statement is unreachable
Target not created
Build target 'Target 1'
compiling lab13b.c...
lab13b.c(10): error:  #147-D: declaration is incompatible with "void delay()" (declared at line 2)
lab13b.c(29): warning:  #111-D: statement is unreachable
Target not created
Build target 'Target 1'
compiling lab13b.c...
lab13b.c(28): warning:  #111-D: statement is unreachable
linking...
Program Size: Code=656 RO-data=16 RW-data=0 ZI-data=1256  
FromELF: creating hex file...
"lab13b.axf" - 0 Error(s), 1 Warning(s).
Build target 'Target 1'
compiling lab13b.c...
lab13b.c(28): warning:  #111-D: statement is unreachable
linking...
Program Size: Code=656 RO-data=16 RW-data=0 ZI-data=1256  
FromELF: creating hex file...
"lab13b.axf" - 0 Error(s), 1 Warning(s).
Build target 'Target 1'
compiling lab13b.c...
lab13b.c(29): warning:  #111-D: statement is unreachable
linking...
Program Size: Code=660 RO-data=16 RW-data=0 ZI-data=1256  
FromELF: creating hex file...
"lab13b.axf" - 0 Error(s), 1 Warning(s).
Build target 'Target 1'
compiling lab13b.c...
lab13b.c(28): warning:  #111-D: statement is unreachable
linking...
Program Size: Code=656 RO-data=16 RW-data=0 ZI-data=1256  
FromELF: creating hex file...
"lab13b.axf" - 0 Error(s), 1 Warning(s).
Build target 'Target 1'
compiling lab13b.c...
lab13b.c(28): warning:  #111-D: statement is unreachable
linking...
Program Size: Code=656 RO-data=16 RW-data=0 ZI-data=1256  
FromELF: creating hex file...
"lab13b.axf" - 0 Error(s), 1 Warning(s).
