<html>
<body>
<pre>
<h1>µVision Build Log</h1>
<h2>Project:</h2>
E:\PROJECT\sem5\AM\lab 7a\lab7a.uvproj
Project File Date:  07/13/2021

<h2>Output:</h2>
Build target 'Target 1'
assembling Startup.s...
linking...
lab7a.axf: Warning: L6665W: Neither Lib$$Request$$armlib Lib$$Request$$cpplib defined, not searching ARM libraries.
lab7a.axf: Error: L6411W: No compatible library exists with a definition of startup symbol __main.
Target not created
Build target 'Target 1'
assembling Startup.s...
assembling lab7a.asm...
lab7a.asm: error: A1023E: File "lab7a.asm" could not be opened: No such file or directory
Target not created
Build target 'Target 1'
assembling lab7a.asm...
lab7a.asm(13): error: A1163E: Unknown opcode UPPER , expecting opcode or Macro
Target not created
Build target 'Target 1'
assembling lab7a.asm...
lab7a.asm(11): error: A1516E: Bad symbol 'UPPER', not defined or external
lab7a.asm(17): warning: A1581W: Added 3 bytes of padding at address 0x41
Target not created
Build target 'Target 1'
assembling lab7a.asm...
lab7a.asm(17): warning: A1581W: Added 3 bytes of padding at address 0x45
linking...
Program Size: Code=352 RO-data=0 RW-data=4 ZI-data=1164  
"lab7a.axf" - 0 Error(s), 1 Warning(s).
Build target 'Target 1'
linking...
Program Size: Code=352 RO-data=0 RW-data=4 ZI-data=1164  
"lab7a.axf" - 0 Error(s), 0 Warning(s).
Build target 'Target 1'
assembling lab7a.asm...
linking...
Program Size: Code=352 RO-data=0 RW-data=4 ZI-data=1164  
"lab7a.axf" - 0 Error(s), 0 Warning(s).
