<html>
<body>
<pre>
<h1>µVision Build Log</h1>
<h2>Project:</h2>
E:\PROJECT\sem5\AM\lab 12\lab12b\lab12b.uvproj
Project File Date:  09/12/2021

<h2>Output:</h2>
Build target 'Target 1'
assembling Startup.s...
compiling lab12b.c...
lab12b.c(18): warning:  #186-D: pointless comparison of unsigned integer with zero
lab12b.c(25): warning:  #111-D: statement is unreachable
linking...
Program Size: Code=896 RO-data=16 RW-data=0 ZI-data=1256  
FromELF: creating hex file...
"lab12b.axf" - 0 Error(s), 2 Warning(s).
