ARM Linker, RVCT4.0 [Build 728] [Evaluation]

==============================================================================

Section Cross References

    startup.o(RESET) refers to startup.o(STACK) for Stack_Top
    startup.o(RESET) refers to lab8.o(xyz) for start
    lab8.o(xyz) refers to lab8.o(abc) for data2


==============================================================================

Image Symbol Table

    Local Symbols

    Symbol Name                              Value     Ov Type        Size  Object(Section)

    RESET                                    0x00000000   Section      272  startup.o(RESET)
    Startup.s                                0x00000000   Number         0  startup.o ABSOLUTE
    lab8.asm                                 0x00000000   Number         0  lab8.o ABSOLUTE
    Undef_Handler                            0x00000040   ARM Code       4  startup.o(RESET)
    SWI_Handler                              0x00000044   ARM Code       4  startup.o(RESET)
    PAbt_Handler                             0x00000048   ARM Code       4  startup.o(RESET)
    DAbt_Handler                             0x0000004c   ARM Code       4  startup.o(RESET)
    IRQ_Handler                              0x00000050   ARM Code       4  startup.o(RESET)
    FIQ_Handler                              0x00000054   ARM Code       4  startup.o(RESET)
    xyz                                      0x00000110   Section       76  lab8.o(xyz)
    data1                                    0x00000150   Data           2  lab8.o(xyz)
    abc                                      0x40000000   Section        1  lab8.o(abc)
    data2                                    0x40000000   Data           1  lab8.o(abc)
    HEAP                                     0x40000008   Section        0  startup.o(HEAP)
    STACK                                    0x40000008   Section     1160  startup.o(STACK)
    Stack_Top                                0x40000490   Data           0  startup.o(STACK)

    Global Symbols

    Symbol Name                              Value     Ov Type        Size  Object(Section)

    BuildAttributes$$THM_ISAv1$ARM_ISAv4$S$PE$A:L22$X:L11$S22$IEEE1$IW$USESV6$~STKCKD$USESV7$~SHL$OSPACE$EBA8$STANDARDLIB$PRES8$EABIv2 0x00000000   Number         0  anon$$obj.o ABSOLUTE
    Reset_Handler                            0x00000058   ARM Code       0  startup.o(RESET)
    start                                    0x00000110   ARM Code       0  lab8.o(xyz)



==============================================================================

Memory Map of the image

  Image Entry point : 0x00000000

  Load Region LR_1 (Base: 0x00000000, Size: 0x00000160, Max: 0xffffffff, ABSOLUTE)

    Execution Region ER_RO (Base: 0x00000000, Size: 0x0000015c, Max: 0xffffffff, ABSOLUTE)

    Base Addr    Size         Type   Attr      Idx    E Section Name        Object

    0x00000000   0x00000110   Code   RO            3  * RESET               startup.o
    0x00000110   0x0000004c   Code   RO            8    xyz                 lab8.o


    Execution Region ER_RW (Base: 0x40000000, Size: 0x00000004, Max: 0xffffffff, ABSOLUTE)

    Base Addr    Size         Type   Attr      Idx    E Section Name        Object

    0x40000000   0x00000001   Data   RW            9    abc                 lab8.o


    Execution Region ER_ZI (Base: 0x40000004, Size: 0x0000048c, Max: 0xffffffff, ABSOLUTE)

    Base Addr    Size         Type   Attr      Idx    E Section Name        Object

    0x40000004   0x00000004   PAD
    0x40000008   0x00000000   Zero   RW            2    HEAP                startup.o
    0x40000008   0x00000488   Zero   RW            1    STACK               startup.o


==============================================================================

Image component sizes


      Code (inc. data)   RO Data    RW Data    ZI Data      Debug   Object Name

        76         12          0          1          0        168   lab8.o
       272         48          0          0       1160        256   startup.o

    ----------------------------------------------------------------------
       348         60          0          4       1164        424   Object Totals
         0          0          0          0          0          0   (incl. Generated)
         0          0          0          3          4          0   (incl. Padding)

    ----------------------------------------------------------------------
         0          0          0          0          0          0   Library Totals
         0          0          0          0          0          0   (incl. Padding)

    ----------------------------------------------------------------------

==============================================================================


      Code (inc. data)   RO Data    RW Data    ZI Data      Debug   

       348         60          0          4       1164        424   Grand Totals
       348         60          0          4       1164        424   ELF Image Totals
       348         60          0          4          0          0   ROM Totals

==============================================================================

    Total RO  Size (Code + RO Data)                  348 (   0.34kB)
    Total RW  Size (RW Data + ZI Data)              1168 (   1.14kB)
    Total ROM Size (Code + RO Data + RW Data)        352 (   0.34kB)

==============================================================================

