


ARM Macro Assembler    Page 1 


    1 00000000         ;DIVISION OF TWO NUMBERS BY SUCCESSIVE SUBTRACTION 
    2 00000000                 area             division,code,readonly
    3 00000000         ;  export start
    4 00000000         start
    5 00000000 E3A00019        mov              r0,#25
    6 00000004 E3A01004        mov              r1,#04
    7 00000008 E1500001        cmp              r0,r1
    8 0000000C A1A03000        movge            r3,r0
    9 00000010 91A03001        movls            r3,r1
   10 00000014 21A04001        movcs            r4,r1
   11 00000018 31A04000        movcc            r4,r0
   12 0000001C         
   13 0000001C E0533004 
                       loop    subs             r3,r3,r4
   14 00000020 E2822001        add              r2,r2,#01   ;divisible
   15 00000024 E1530004        cmp              r3,r4
   16 00000028 AAFFFFFB        bge              loop
   17 0000002C E1A05003        mov              r5,r3       ;r3 holds quotient
   18 00000030 EAFFFFFE 
                       stop    b                stop
   19 00000034         
   20 00000034                 end
Command Line: --debug --xref --apcs=interwork -odivision.o -IC:\Keil\ARM\INC -I
C:\Keil\ARM\INC\Philips --predefine="__EVAL SETA 1" --list=division.lst divisio
n.asm



ARM Macro Assembler    Page 1 Alphabetic symbol ordering
Relocatable symbols

division 00000000

Symbol: division
   Definitions
      At line 2 in file division.asm
   Uses
      None
Comment: division unused
loop 0000001C

Symbol: loop
   Definitions
      At line 13 in file division.asm
   Uses
      At line 16 in file division.asm
Comment: loop used once
start 00000000

Symbol: start
   Definitions
      At line 4 in file division.asm
   Uses
      None
Comment: start unused
stop 00000030

Symbol: stop
   Definitions
      At line 18 in file division.asm
   Uses
      At line 18 in file division.asm
Comment: stop used once
4 symbols
324 symbols in table
