ARM Linker, RVCT4.0 [Build 728] [Evaluation]

==============================================================================

Section Cross References

    startup.o(RESET) refers to startup.o(STACK) for Stack_Top
    startup.o(RESET) refers to test.o(abc1) for start
    test.o(abc1) refers to test.o(abc) for data2


==============================================================================

Image Symbol Table

    Local Symbols

    Symbol Name                              Value     Ov Type        Size  Object(Section)

    RESET                                    0x00000000   Section      272  startup.o(RESET)
    Startup.s                                0x00000000   Number         0  startup.o ABSOLUTE
    addition.asm                             0x00000000   Number         0  addition.o ABSOLUTE
    data_exchange.asm                        0x00000000   Number         0  data_exchange.o ABSOLUTE
    division.asm                             0x00000000   Number         0  division.o ABSOLUTE
    factorial.asm                            0x00000000   Number         0  factorial.o ABSOLUTE
    test.asm                                 0x00000000   Number         0  test.o ABSOLUTE
    Undef_Handler                            0x00000040   ARM Code       4  startup.o(RESET)
    SWI_Handler                              0x00000044   ARM Code       4  startup.o(RESET)
    PAbt_Handler                             0x00000048   ARM Code       4  startup.o(RESET)
    DAbt_Handler                             0x0000004c   ARM Code       4  startup.o(RESET)
    IRQ_Handler                              0x00000050   ARM Code       4  startup.o(RESET)
    FIQ_Handler                              0x00000054   ARM Code       4  startup.o(RESET)
    abc1                                     0x00000110   Section       56  test.o(abc1)
    data1                                    0x0000013c   Data           4  test.o(abc1)
    data_exch                                0x00000148   Section       52  data_exchange.o(data_exch)
    division                                 0x0000017c   Section       52  division.o(division)
    fact_wout_lt                             0x000001b0   Section       32  factorial.o(fact_wout_lt)
    nadd                                     0x000001d0   Section       36  addition.o(nadd)
    abc                                      0x40000000   Section        4  test.o(abc)
    data2                                    0x40000000   Data           4  test.o(abc)
    HEAP                                     0x40000008   Section        0  startup.o(HEAP)
    STACK                                    0x40000008   Section     1160  startup.o(STACK)
    Stack_Top                                0x40000490   Data           0  startup.o(STACK)

    Global Symbols

    Symbol Name                              Value     Ov Type        Size  Object(Section)

    BuildAttributes$$THM_ISAv1$ARM_ISAv4$S$PE$A:L22$X:L11$S22$IEEE1$IW$USESV6$~STKCKD$USESV7$~SHL$OSPACE$EBA8$STANDARDLIB$PRES8$EABIv2 0x00000000   Number         0  anon$$obj.o ABSOLUTE
    Reset_Handler                            0x00000058   ARM Code       0  startup.o(RESET)
    start                                    0x00000110   ARM Code       0  test.o(abc1)



==============================================================================

Memory Map of the image

  Image Entry point : 0x00000000

  Load Region LR_1 (Base: 0x00000000, Size: 0x000001f8, Max: 0xffffffff, ABSOLUTE)

    Execution Region ER_RO (Base: 0x00000000, Size: 0x000001f4, Max: 0xffffffff, ABSOLUTE)

    Base Addr    Size         Type   Attr      Idx    E Section Name        Object

    0x00000000   0x00000110   Code   RO            3  * RESET               startup.o
    0x00000110   0x00000038   Code   RO           20    abc1                test.o
    0x00000148   0x00000034   Code   RO           14    data_exch           data_exchange.o
    0x0000017c   0x00000034   Code   RO           11    division            division.o
    0x000001b0   0x00000020   Code   RO            8    fact_wout_lt        factorial.o
    0x000001d0   0x00000024   Code   RO           17    nadd                addition.o


    Execution Region ER_RW (Base: 0x40000000, Size: 0x00000004, Max: 0xffffffff, ABSOLUTE)

    Base Addr    Size         Type   Attr      Idx    E Section Name        Object

    0x40000000   0x00000004   Data   RW           21    abc                 test.o


    Execution Region ER_ZI (Base: 0x40000004, Size: 0x0000048c, Max: 0xffffffff, ABSOLUTE)

    Base Addr    Size         Type   Attr      Idx    E Section Name        Object

    0x40000004   0x00000004   PAD
    0x40000008   0x00000000   Zero   RW            2    HEAP                startup.o
    0x40000008   0x00000488   Zero   RW            1    STACK               startup.o


==============================================================================

Image component sizes


      Code (inc. data)   RO Data    RW Data    ZI Data      Debug   Object Name

        36          0          0          0          0        168   addition.o
        52          4          0          0          0        180   data_exchange.o
        52          0          0          0          0        172   division.o
        32          0          0          0          0        168   factorial.o
       272         48          0          0       1160        256   startup.o
        56         12          0          4          0        160   test.o

    ----------------------------------------------------------------------
       500         64          0          4       1164       1104   Object Totals
         0          0          0          0          0          0   (incl. Generated)
         0          0          0          0          4          0   (incl. Padding)

    ----------------------------------------------------------------------
         0          0          0          0          0          0   Library Totals
         0          0          0          0          0          0   (incl. Padding)

    ----------------------------------------------------------------------

==============================================================================


      Code (inc. data)   RO Data    RW Data    ZI Data      Debug   

       500         64          0          4       1164       1104   Grand Totals
       500         64          0          4       1164       1104   ELF Image Totals
       500         64          0          4          0          0   ROM Totals

==============================================================================

    Total RO  Size (Code + RO Data)                  500 (   0.49kB)
    Total RW  Size (RW Data + ZI Data)              1168 (   1.14kB)
    Total ROM Size (Code + RO Data + RW Data)        504 (   0.49kB)

==============================================================================

