<html>
<body>
<pre>
<h1>µVision Build Log</h1>
<h2>Project:</h2>
E:\PROJECT\sem5\AM\test\test1.uvproj
Project File Date:  07/20/2021

<h2>Output:</h2>
Build target 'Target 1'
assembling test.asm...
test.asm(1): error: A1163E: Unknown opcode abc1,code,readonly , expecting opcode or Macro
test.asm(3): error: A1355U: A Label was found which was in no AREA
assembling factorial1.asm...
factorial1.asm(13): error: A1516E: Bad symbol 'stop', not defined or external
Target not created
Build target 'Target 1'
assembling test.asm...
assembling factorial1.asm...
factorial1.asm(13): error: A1516E: Bad symbol 'stop', not defined or external
Target not created
Build target 'Target 1'
assembling test.asm...
assembling factorial1.asm...
factorial1.asm(13): error: A1516E: Bad symbol 'stop', not defined or external
Target not created
Build target 'Target 1'
assembling factorial1.asm...
factorial1.asm(13): error: A1516E: Bad symbol 'end', not defined or external
Target not created
Build target 'Target 1'
assembling factorial1.asm...
linking...
Program Size: Code=552 RO-data=0 RW-data=4 ZI-data=1164  
"test1.axf" - 0 Error(s), 0 Warning(s).
Build target 'Target 1'
assembling factorial1.asm...
factorial1.asm(3): error: A1355U: A Label was found which was in no AREA
Target not created
Build target 'Target 1'
linking...
Program Size: Code=496 RO-data=0 RW-data=4 ZI-data=1164  
"test1.axf" - 0 Error(s), 0 Warning(s).
Build target 'Target 1'
assembling test.asm...
linking...
Program Size: Code=500 RO-data=0 RW-data=4 ZI-data=1164  
"test1.axf" - 0 Error(s), 0 Warning(s).
Build target 'Target 1'
assembling test.asm...
linking...
Program Size: Code=500 RO-data=0 RW-data=4 ZI-data=1164  
"test1.axf" - 0 Error(s), 0 Warning(s).
Build target 'Target 1'
assembling test.asm...
linking...
Program Size: Code=500 RO-data=0 RW-data=4 ZI-data=1164  
"test1.axf" - 0 Error(s), 0 Warning(s).
Build target 'Target 1'
assembling test.asm...
linking...
Program Size: Code=500 RO-data=0 RW-data=4 ZI-data=1164  
"test1.axf" - 0 Error(s), 0 Warning(s).
Build target 'Target 1'
assembling test.asm...
linking...
Program Size: Code=500 RO-data=0 RW-data=4 ZI-data=1164  
"test1.axf" - 0 Error(s), 0 Warning(s).
Build target 'Target 1'
assembling test.asm...
linking...
Program Size: Code=496 RO-data=0 RW-data=4 ZI-data=1164  
"test1.axf" - 0 Error(s), 0 Warning(s).
Build target 'Target 1'
assembling test.asm...
test.asm(11): error: A1150E: Bad symbol, not defined or external
Target not created
Build target 'Target 1'
assembling test.asm...
linking...
Program Size: Code=492 RO-data=0 RW-data=4 ZI-data=1164  
"test1.axf" - 0 Error(s), 0 Warning(s).
Build target 'Target 1'
assembling test.asm...
linking...
Program Size: Code=496 RO-data=0 RW-data=4 ZI-data=1164  
"test1.axf" - 0 Error(s), 0 Warning(s).
Build target 'Target 1'
assembling test.asm...
linking...
Program Size: Code=500 RO-data=0 RW-data=4 ZI-data=1164  
"test1.axf" - 0 Error(s), 0 Warning(s).
Build target 'Target 1'
assembling test.asm...
linking...
Program Size: Code=500 RO-data=0 RW-data=4 ZI-data=1164  
"test1.axf" - 0 Error(s), 0 Warning(s).
Build target 'Target 1'
assembling test.asm...
linking...
Program Size: Code=500 RO-data=0 RW-data=4 ZI-data=1164  
"test1.axf" - 0 Error(s), 0 Warning(s).
Build target 'Target 1'
assembling test.asm...
linking...
Program Size: Code=500 RO-data=0 RW-data=4 ZI-data=1164  
"test1.axf" - 0 Error(s), 0 Warning(s).
Build target 'Target 1'
assembling test.asm...
linking...
Program Size: Code=500 RO-data=0 RW-data=4 ZI-data=1164  
"test1.axf" - 0 Error(s), 0 Warning(s).
