<html>
<body>
<pre>
<h1>µVision Build Log</h1>
<h2>Project:</h2>
E:\PROJECT\sem5\AM\lab 12\lab12c\lab12c.uvproj
Project File Date:  08/16/2021

<h2>Output:</h2>
Build target 'Target 1'
compiling lab12c.c...
lab12c.c(23): error:  #20: identifier "x0f" is undefined
lab12c.c(23): error:  #18: expected a ")"
lab12c.c(38): warning:  #111-D: statement is unreachable
Target not created
Build target 'Target 1'
compiling lab12c.c...
lab12c.c(30): warning:  #186-D: pointless comparison of unsigned integer with zero
lab12c.c(38): warning:  #111-D: statement is unreachable
linking...
Program Size: Code=728 RO-data=16 RW-data=0 ZI-data=1256  
FromELF: creating hex file...
"lab12c.axf" - 0 Error(s), 2 Warning(s).
